// Jest Snapshot v1, https://goo.gl/fbAQLP

exports[`PeopleCards component renders without crashing given the required props 1`] = `
<ContextProvider
  value={null}
>
  <PeopleCards
    fetchPeople={[Function]}
    message="Retrieving people data..."
    people={Array []}
    status="retrieving"
    store={
      Object {
        "dispatch": [Function],
        "getState": [Function],
        "replaceReducer": [Function],
        "subscribe": [Function],
        Symbol(observable): [Function],
      }
    }
  />
</ContextProvider>
`;
